// Jest Snapshot v1, https://goo.gl/fbAQLP

exports[`ProgressBar should match snapshot 1`] = `
<DocumentFragment>
  <div
    class="progressBarContainer"
  >
    <div
      class="progressBar"
    >
      <div
        aria-valuemax="100"
        aria-valuemin="0"
        aria-valuenow="40"
        class="line"
        role="progressbar"
        style="width: 40%;"
      />
      <h4
        class="text"
        data-testid="progressBarMsg"
      >
        Fetching...
      </h4>
    </div>
  </div>
</DocumentFragment>
`;
